Archive member included because of file (symbol)

c:/winavr-20080610/bin/../lib/gcc/avr/4.3.0/avr5\libgcc.a(_exit.o)
                              c:/winavr-20080610/bin/../lib/gcc/avr/4.3.0/../../../../avr/lib/avr5/crtm32.o (exit)
c:/winavr-20080610/bin/../lib/gcc/avr/4.3.0/avr5\libgcc.a(_copy_data.o)
                              MonoMusicPlayer.o (__do_copy_data)
c:/winavr-20080610/bin/../lib/gcc/avr/4.3.0/avr5\libgcc.a(_clear_bss.o)
                              MonoMusicPlayer.o (__do_clear_bss)
c:/winavr-20080610/bin/../lib/gcc/avr/4.3.0/avr5\libgcc.a(_fixunssfsi.o)
                              MonoMusicPlayer.o (__fixunssfsi)
c:/winavr-20080610/bin/../lib/gcc/avr/4.3.0/avr5\libgcc.a(_addsub_sf.o)
                              c:/winavr-20080610/bin/../lib/gcc/avr/4.3.0/avr5\libgcc.a(_fixunssfsi.o) (__subsf3)
c:/winavr-20080610/bin/../lib/gcc/avr/4.3.0/avr5\libgcc.a(_mul_sf.o)
                              MonoMusicPlayer.o (__mulsf3)
c:/winavr-20080610/bin/../lib/gcc/avr/4.3.0/avr5\libgcc.a(_div_sf.o)
                              MonoMusicPlayer.o (__divsf3)
c:/winavr-20080610/bin/../lib/gcc/avr/4.3.0/avr5\libgcc.a(_gt_sf.o)
                              MonoMusicPlayer.o (__gtsf2)
c:/winavr-20080610/bin/../lib/gcc/avr/4.3.0/avr5\libgcc.a(_ge_sf.o)
                              c:/winavr-20080610/bin/../lib/gcc/avr/4.3.0/avr5\libgcc.a(_fixunssfsi.o) (__gesf2)
c:/winavr-20080610/bin/../lib/gcc/avr/4.3.0/avr5\libgcc.a(_lt_sf.o)
                              MonoMusicPlayer.o (__ltsf2)
c:/winavr-20080610/bin/../lib/gcc/avr/4.3.0/avr5\libgcc.a(_si_to_sf.o)
                              MonoMusicPlayer.o (__floatsisf)
c:/winavr-20080610/bin/../lib/gcc/avr/4.3.0/avr5\libgcc.a(_sf_to_si.o)
                              MonoMusicPlayer.o (__fixsfsi)
c:/winavr-20080610/bin/../lib/gcc/avr/4.3.0/avr5\libgcc.a(_thenan_sf.o)
                              c:/winavr-20080610/bin/../lib/gcc/avr/4.3.0/avr5\libgcc.a(_addsub_sf.o) (__thenan_sf)
c:/winavr-20080610/bin/../lib/gcc/avr/4.3.0/avr5\libgcc.a(_usi_to_sf.o)
                              MonoMusicPlayer.o (__floatunsisf)
c:/winavr-20080610/bin/../lib/gcc/avr/4.3.0/avr5\libgcc.a(_prologue.o)
                              c:/winavr-20080610/bin/../lib/gcc/avr/4.3.0/avr5\libgcc.a(_addsub_sf.o) (__prologue_saves__)
c:/winavr-20080610/bin/../lib/gcc/avr/4.3.0/avr5\libgcc.a(_epilogue.o)
                              c:/winavr-20080610/bin/../lib/gcc/avr/4.3.0/avr5\libgcc.a(_addsub_sf.o) (__epilogue_restores__)
c:/winavr-20080610/bin/../lib/gcc/avr/4.3.0/avr5\libgcc.a(_clzsi2.o)
                              c:/winavr-20080610/bin/../lib/gcc/avr/4.3.0/avr5\libgcc.a(_si_to_sf.o) (__clzsi2)
c:/winavr-20080610/bin/../lib/gcc/avr/4.3.0/avr5\libgcc.a(_pack_sf.o)
                              c:/winavr-20080610/bin/../lib/gcc/avr/4.3.0/avr5\libgcc.a(_addsub_sf.o) (__pack_f)
c:/winavr-20080610/bin/../lib/gcc/avr/4.3.0/avr5\libgcc.a(_unpack_sf.o)
                              c:/winavr-20080610/bin/../lib/gcc/avr/4.3.0/avr5\libgcc.a(_addsub_sf.o) (__unpack_f)
c:/winavr-20080610/bin/../lib/gcc/avr/4.3.0/avr5\libgcc.a(_fpcmp_parts_sf.o)
                              c:/winavr-20080610/bin/../lib/gcc/avr/4.3.0/avr5\libgcc.a(_gt_sf.o) (__fpcmp_parts_f)
c:/winavr-20080610/bin/../lib/gcc/avr/4.3.0/avr5\libgcc.a(_clz.o)
                              c:/winavr-20080610/bin/../lib/gcc/avr/4.3.0/avr5\libgcc.a(_clzsi2.o) (__clz_tab)

Allocating common symbols
Common symbol       size              file

kolumna             0x2               MonoMusicPlayer.o
Parametr            0x5               MonoMusicPlayer.o
MyMelodyBox         0x658             MonoMusicPlayer.o

Memory Configuration

Name             Origin             Length             Attributes
text             0x00000000         0x00020000         xr
data             0x00800060         0x0000ffa0         rw !x
eeprom           0x00810000         0x00010000         rw !x
fuse             0x00820000         0x00000400         rw !x
lock             0x00830000         0x00000400         rw !x
signature        0x00840000         0x00000400         rw !x
*default*        0x00000000         0xffffffff

Linker script and memory map

LOAD c:/winavr-20080610/bin/../lib/gcc/avr/4.3.0/../../../../avr/lib/avr5/crtm32.o
LOAD MonoMusicPlayer.o
LOAD c:/winavr-20080610/bin/../lib/gcc/avr/4.3.0/avr5\libgcc.a
LOAD c:/winavr-20080610/bin/../lib/gcc/avr/4.3.0/../../../../avr/lib/avr5\libc.a
LOAD c:/winavr-20080610/bin/../lib/gcc/avr/4.3.0/avr5\libgcc.a

.hash
 *(.hash)

.dynsym
 *(.dynsym)

.dynstr
 *(.dynstr)

.gnu.version
 *(.gnu.version)

.gnu.version_d
 *(.gnu.version_d)

.gnu.version_r
 *(.gnu.version_r)

.rel.init
 *(.rel.init)

.rela.init
 *(.rela.init)

.rel.text
 *(.rel.text)
 *(.rel.text.*)
 *(.rel.gnu.linkonce.t*)

.rela.text
 *(.rela.text)
 *(.rela.text.*)
 *(.rela.gnu.linkonce.t*)

.rel.fini
 *(.rel.fini)

.rela.fini
 *(.rela.fini)

.rel.rodata
 *(.rel.rodata)
 *(.rel.rodata.*)
 *(.rel.gnu.linkonce.r*)

.rela.rodata
 *(.rela.rodata)
 *(.rela.rodata.*)
 *(.rela.gnu.linkonce.r*)

.rel.data
 *(.rel.data)
 *(.rel.data.*)
 *(.rel.gnu.linkonce.d*)

.rela.data
 *(.rela.data)
 *(.rela.data.*)
 *(.rela.gnu.linkonce.d*)

.rel.ctors
 *(.rel.ctors)

.rela.ctors
 *(.rela.ctors)

.rel.dtors
 *(.rel.dtors)

.rela.dtors
 *(.rela.dtors)

.rel.got
 *(.rel.got)

.rela.got
 *(.rela.got)

.rel.bss
 *(.rel.bss)

.rela.bss
 *(.rela.bss)

.rel.plt
 *(.rel.plt)

.rela.plt
 *(.rela.plt)

.text           0x00000000     0x6012
 *(.vectors)
 .vectors       0x00000000       0x54 c:/winavr-20080610/bin/../lib/gcc/avr/4.3.0/../../../../avr/lib/avr5/crtm32.o
                0x00000000                __vectors
                0x00000000                __vector_default
 *(.vectors)
 *(.progmem.gcc*)
 *(.progmem*)
                0x00000054                . = ALIGN (0x2)
                0x00000054                __trampolines_start = .
 *(.trampolines)
 .trampolines   0x00000054        0x0 linker stubs
 *(.trampolines*)
                0x00000054                __trampolines_end = .
 *(.jumptables)
 *(.jumptables*)
 *(.lowtext)
 *(.lowtext*)
                0x00000054                __ctors_start = .
 *(.ctors)
                0x00000054                __ctors_end = .
                0x00000054                __dtors_start = .
 *(.dtors)
                0x00000054                __dtors_end = .
 SORT(*)(.ctors)
 SORT(*)(.dtors)
 *(.init0)
 .init0         0x00000054        0x0 c:/winavr-20080610/bin/../lib/gcc/avr/4.3.0/../../../../avr/lib/avr5/crtm32.o
                0x00000054                __init
 *(.init0)
 *(.init1)
 *(.init1)
 *(.init2)
 .init2         0x00000054        0xc c:/winavr-20080610/bin/../lib/gcc/avr/4.3.0/../../../../avr/lib/avr5/crtm32.o
 *(.init2)
 *(.init3)
 *(.init3)
 *(.init4)
 .init4         0x00000060       0x16 c:/winavr-20080610/bin/../lib/gcc/avr/4.3.0/avr5\libgcc.a(_copy_data.o)
                0x00000060                __do_copy_data
 .init4         0x00000076       0x10 c:/winavr-20080610/bin/../lib/gcc/avr/4.3.0/avr5\libgcc.a(_clear_bss.o)
                0x00000076                __do_clear_bss
 *(.init4)
 *(.init5)
 *(.init5)
 *(.init6)
 *(.init6)
 *(.init7)
 *(.init7)
 *(.init8)
 *(.init8)
 *(.init9)
 .init9         0x00000086        0x8 c:/winavr-20080610/bin/../lib/gcc/avr/4.3.0/../../../../avr/lib/avr5/crtm32.o
 *(.init9)
 *(.text)
 .text          0x0000008e        0x4 c:/winavr-20080610/bin/../lib/gcc/avr/4.3.0/../../../../avr/lib/avr5/crtm32.o
                0x0000008e                __vector_12
                0x0000008e                __bad_interrupt
                0x0000008e                __vector_6
                0x0000008e                __vector_3
                0x0000008e                __vector_13
                0x0000008e                __vector_17
                0x0000008e                __vector_19
                0x0000008e                __vector_7
                0x0000008e                __vector_5
                0x0000008e                __vector_4
                0x0000008e                __vector_9
                0x0000008e                __vector_2
                0x0000008e                __vector_15
                0x0000008e                __vector_8
                0x0000008e                __vector_14
                0x0000008e                __vector_10
                0x0000008e                __vector_16
                0x0000008e                __vector_18
                0x0000008e                __vector_20
 .text          0x00000092     0x50ba MonoMusicPlayer.o
                0x0000108c                LcdSpace
                0x00001276                __vector_1
                0x00000d5c                LcdClean
                0x0000110c                InterruptInitial
                0x00000aec                LcdViewSign
                0x00000e6c                LcdNewLine
                0x00000092                __vector_11
                0x00004c28                Count
                0x000005da                LcdInitial
                0x00001694                main
                0x00000b2a                LcdViewString
                0x00000b74                LcdMoveTo
                0x000010a0                LcdBackspace
                0x00000ee4                LcdMoveCurs
                0x00000a76                LcdOwnSigns
                0x00004d18                Play
                0x000010cc                LcdDistance
                0x00004c96                CountLoop
                0x0000018c                LcdData
                0x00004afe                LcdRefresh
                0x00000414                LcdInstr
 .text          0x0000514c        0x0 c:/winavr-20080610/bin/../lib/gcc/avr/4.3.0/avr5\libgcc.a(_exit.o)
 .text          0x0000514c        0x0 c:/winavr-20080610/bin/../lib/gcc/avr/4.3.0/avr5\libgcc.a(_copy_data.o)
 .text          0x0000514c        0x0 c:/winavr-20080610/bin/../lib/gcc/avr/4.3.0/avr5\libgcc.a(_clear_bss.o)
 .text          0x0000514c       0x58 c:/winavr-20080610/bin/../lib/gcc/avr/4.3.0/avr5\libgcc.a(_fixunssfsi.o)
                0x0000514c                __fixunssfsi
 .text          0x000051a4      0x354 c:/winavr-20080610/bin/../lib/gcc/avr/4.3.0/avr5\libgcc.a(_addsub_sf.o)
                0x0000543c                __subsf3
                0x0000549e                __addsf3
 .text          0x000054f8      0x1f4 c:/winavr-20080610/bin/../lib/gcc/avr/4.3.0/avr5\libgcc.a(_mul_sf.o)
                0x000054f8                __mulsf3
 .text          0x000056ec      0x154 c:/winavr-20080610/bin/../lib/gcc/avr/4.3.0/avr5\libgcc.a(_div_sf.o)
                0x000056ec                __divsf3
 .text          0x00005840       0x60 c:/winavr-20080610/bin/../lib/gcc/avr/4.3.0/avr5\libgcc.a(_gt_sf.o)
                0x00005840                __gtsf2
 .text          0x000058a0       0x60 c:/winavr-20080610/bin/../lib/gcc/avr/4.3.0/avr5\libgcc.a(_ge_sf.o)
                0x000058a0                __gesf2
 .text          0x00005900       0x60 c:/winavr-20080610/bin/../lib/gcc/avr/4.3.0/avr5\libgcc.a(_lt_sf.o)
                0x00005900                __ltsf2
 .text          0x00005960       0xbc c:/winavr-20080610/bin/../lib/gcc/avr/4.3.0/avr5\libgcc.a(_si_to_sf.o)
                0x00005960                __floatsisf
 .text          0x00005a1c       0xa8 c:/winavr-20080610/bin/../lib/gcc/avr/4.3.0/avr5\libgcc.a(_sf_to_si.o)
                0x00005a1c                __fixsfsi
 .text          0x00005ac4        0x0 c:/winavr-20080610/bin/../lib/gcc/avr/4.3.0/avr5\libgcc.a(_thenan_sf.o)
 .text          0x00005ac4       0xf2 c:/winavr-20080610/bin/../lib/gcc/avr/4.3.0/avr5\libgcc.a(_usi_to_sf.o)
                0x00005ac4                __floatunsisf
 .text          0x00005bb6        0x0 c:/winavr-20080610/bin/../lib/gcc/avr/4.3.0/avr5\libgcc.a(_prologue.o)
 .text          0x00005bb6        0x0 c:/winavr-20080610/bin/../lib/gcc/avr/4.3.0/avr5\libgcc.a(_epilogue.o)
 .text          0x00005bb6       0x9e c:/winavr-20080610/bin/../lib/gcc/avr/4.3.0/avr5\libgcc.a(_clzsi2.o)
                0x00005bb6                __clzsi2
 .text          0x00005c54      0x1aa c:/winavr-20080610/bin/../lib/gcc/avr/4.3.0/avr5\libgcc.a(_pack_sf.o)
                0x00005c54                __pack_f
 .text          0x00005dfe       0xf0 c:/winavr-20080610/bin/../lib/gcc/avr/4.3.0/avr5\libgcc.a(_unpack_sf.o)
                0x00005dfe                __unpack_f
 .text          0x00005eee       0xb2 c:/winavr-20080610/bin/../lib/gcc/avr/4.3.0/avr5\libgcc.a(_fpcmp_parts_sf.o)
                0x00005eee                __fpcmp_parts_f
 .text          0x00005fa0        0x0 c:/winavr-20080610/bin/../lib/gcc/avr/4.3.0/avr5\libgcc.a(_clz.o)
                0x00005fa0                . = ALIGN (0x2)
 *(.text.*)
 .text.libgcc   0x00005fa0        0x0 c:/winavr-20080610/bin/../lib/gcc/avr/4.3.0/avr5\libgcc.a(_exit.o)
 .text.libgcc   0x00005fa0        0x0 c:/winavr-20080610/bin/../lib/gcc/avr/4.3.0/avr5\libgcc.a(_copy_data.o)
 .text.libgcc   0x00005fa0        0x0 c:/winavr-20080610/bin/../lib/gcc/avr/4.3.0/avr5\libgcc.a(_clear_bss.o)
 .text.libgcc   0x00005fa0       0x38 c:/winavr-20080610/bin/../lib/gcc/avr/4.3.0/avr5\libgcc.a(_prologue.o)
                0x00005fa0                __prologue_saves__
 .text.libgcc   0x00005fd8       0x36 c:/winavr-20080610/bin/../lib/gcc/avr/4.3.0/avr5\libgcc.a(_epilogue.o)
                0x00005fd8                __epilogue_restores__
                0x0000600e                . = ALIGN (0x2)
 *(.fini9)
 .fini9         0x0000600e        0x0 c:/winavr-20080610/bin/../lib/gcc/avr/4.3.0/avr5\libgcc.a(_exit.o)
                0x0000600e                exit
                0x0000600e                _exit
 *(.fini9)
 *(.fini8)
 *(.fini8)
 *(.fini7)
 *(.fini7)
 *(.fini6)
 *(.fini6)
 *(.fini5)
 *(.fini5)
 *(.fini4)
 *(.fini4)
 *(.fini3)
 *(.fini3)
 *(.fini2)
 *(.fini2)
 *(.fini1)
 *(.fini1)
 *(.fini0)
 .fini0         0x0000600e        0x4 c:/winavr-20080610/bin/../lib/gcc/avr/4.3.0/avr5\libgcc.a(_exit.o)
 *(.fini0)
                0x00006012                _etext = .

.data           0x00800060      0x168 load address 0x00006012
                0x00800060                PROVIDE (__data_start, .)
 *(.data)
 .data          0x00800060        0x0 c:/winavr-20080610/bin/../lib/gcc/avr/4.3.0/../../../../avr/lib/avr5/crtm32.o
 .data          0x00800060       0x5f MonoMusicPlayer.o
                0x00800060                wiersz
 .data          0x008000bf        0x0 c:/winavr-20080610/bin/../lib/gcc/avr/4.3.0/avr5\libgcc.a(_exit.o)
 .data          0x008000bf        0x0 c:/winavr-20080610/bin/../lib/gcc/avr/4.3.0/avr5\libgcc.a(_copy_data.o)
 .data          0x008000bf        0x0 c:/winavr-20080610/bin/../lib/gcc/avr/4.3.0/avr5\libgcc.a(_clear_bss.o)
 .data          0x008000bf        0x0 c:/winavr-20080610/bin/../lib/gcc/avr/4.3.0/avr5\libgcc.a(_fixunssfsi.o)
 .data          0x008000bf        0x0 c:/winavr-20080610/bin/../lib/gcc/avr/4.3.0/avr5\libgcc.a(_addsub_sf.o)
 .data          0x008000bf        0x0 c:/winavr-20080610/bin/../lib/gcc/avr/4.3.0/avr5\libgcc.a(_mul_sf.o)
 .data          0x008000bf        0x0 c:/winavr-20080610/bin/../lib/gcc/avr/4.3.0/avr5\libgcc.a(_div_sf.o)
 .data          0x008000bf        0x0 c:/winavr-20080610/bin/../lib/gcc/avr/4.3.0/avr5\libgcc.a(_gt_sf.o)
 .data          0x008000bf        0x0 c:/winavr-20080610/bin/../lib/gcc/avr/4.3.0/avr5\libgcc.a(_ge_sf.o)
 .data          0x008000bf        0x0 c:/winavr-20080610/bin/../lib/gcc/avr/4.3.0/avr5\libgcc.a(_lt_sf.o)
 .data          0x008000bf        0x0 c:/winavr-20080610/bin/../lib/gcc/avr/4.3.0/avr5\libgcc.a(_si_to_sf.o)
 .data          0x008000bf        0x0 c:/winavr-20080610/bin/../lib/gcc/avr/4.3.0/avr5\libgcc.a(_sf_to_si.o)
 .data          0x008000bf        0x8 c:/winavr-20080610/bin/../lib/gcc/avr/4.3.0/avr5\libgcc.a(_thenan_sf.o)
                0x008000bf                __thenan_sf
 .data          0x008000c7        0x0 c:/winavr-20080610/bin/../lib/gcc/avr/4.3.0/avr5\libgcc.a(_usi_to_sf.o)
 .data          0x008000c7        0x0 c:/winavr-20080610/bin/../lib/gcc/avr/4.3.0/avr5\libgcc.a(_prologue.o)
 .data          0x008000c7        0x0 c:/winavr-20080610/bin/../lib/gcc/avr/4.3.0/avr5\libgcc.a(_epilogue.o)
 .data          0x008000c7        0x0 c:/winavr-20080610/bin/../lib/gcc/avr/4.3.0/avr5\libgcc.a(_clzsi2.o)
 .data          0x008000c7        0x0 c:/winavr-20080610/bin/../lib/gcc/avr/4.3.0/avr5\libgcc.a(_pack_sf.o)
 .data          0x008000c7        0x0 c:/winavr-20080610/bin/../lib/gcc/avr/4.3.0/avr5\libgcc.a(_unpack_sf.o)
 .data          0x008000c7        0x0 c:/winavr-20080610/bin/../lib/gcc/avr/4.3.0/avr5\libgcc.a(_fpcmp_parts_sf.o)
 .data          0x008000c7      0x100 c:/winavr-20080610/bin/../lib/gcc/avr/4.3.0/avr5\libgcc.a(_clz.o)
                0x008000c7                __clz_tab
 *(.data*)
 *(.rodata)
 *(.rodata*)
 *(.gnu.linkonce.d*)
                0x008001c8                . = ALIGN (0x2)
 *fill*         0x008001c7        0x1 00
                0x008001c8                _edata = .
                0x008001c8                PROVIDE (__data_end, .)

.bss            0x008001c8      0x663 load address 0x0000617a
                0x008001c8                PROVIDE (__bss_start, .)
 *(.bss)
 .bss           0x008001c8        0x0 c:/winavr-20080610/bin/../lib/gcc/avr/4.3.0/../../../../avr/lib/avr5/crtm32.o
 .bss           0x008001c8        0x4 MonoMusicPlayer.o
                0x008001ca                KeyNum
                0x008001c8                NewKey
 .bss           0x008001cc        0x0 c:/winavr-20080610/bin/../lib/gcc/avr/4.3.0/avr5\libgcc.a(_exit.o)
 .bss           0x008001cc        0x0 c:/winavr-20080610/bin/../lib/gcc/avr/4.3.0/avr5\libgcc.a(_copy_data.o)
 .bss           0x008001cc        0x0 c:/winavr-20080610/bin/../lib/gcc/avr/4.3.0/avr5\libgcc.a(_clear_bss.o)
 .bss           0x008001cc        0x0 c:/winavr-20080610/bin/../lib/gcc/avr/4.3.0/avr5\libgcc.a(_fixunssfsi.o)
 .bss           0x008001cc        0x0 c:/winavr-20080610/bin/../lib/gcc/avr/4.3.0/avr5\libgcc.a(_addsub_sf.o)
 .bss           0x008001cc        0x0 c:/winavr-20080610/bin/../lib/gcc/avr/4.3.0/avr5\libgcc.a(_mul_sf.o)
 .bss           0x008001cc        0x0 c:/winavr-20080610/bin/../lib/gcc/avr/4.3.0/avr5\libgcc.a(_div_sf.o)
 .bss           0x008001cc        0x0 c:/winavr-20080610/bin/../lib/gcc/avr/4.3.0/avr5\libgcc.a(_gt_sf.o)
 .bss           0x008001cc        0x0 c:/winavr-20080610/bin/../lib/gcc/avr/4.3.0/avr5\libgcc.a(_ge_sf.o)
 .bss           0x008001cc        0x0 c:/winavr-20080610/bin/../lib/gcc/avr/4.3.0/avr5\libgcc.a(_lt_sf.o)
 .bss           0x008001cc        0x0 c:/winavr-20080610/bin/../lib/gcc/avr/4.3.0/avr5\libgcc.a(_si_to_sf.o)
 .bss           0x008001cc        0x0 c:/winavr-20080610/bin/../lib/gcc/avr/4.3.0/avr5\libgcc.a(_sf_to_si.o)
 .bss           0x008001cc        0x0 c:/winavr-20080610/bin/../lib/gcc/avr/4.3.0/avr5\libgcc.a(_thenan_sf.o)
 .bss           0x008001cc        0x0 c:/winavr-20080610/bin/../lib/gcc/avr/4.3.0/avr5\libgcc.a(_usi_to_sf.o)
 .bss           0x008001cc        0x0 c:/winavr-20080610/bin/../lib/gcc/avr/4.3.0/avr5\libgcc.a(_prologue.o)
 .bss           0x008001cc        0x0 c:/winavr-20080610/bin/../lib/gcc/avr/4.3.0/avr5\libgcc.a(_epilogue.o)
 .bss           0x008001cc        0x0 c:/winavr-20080610/bin/../lib/gcc/avr/4.3.0/avr5\libgcc.a(_clzsi2.o)
 .bss           0x008001cc        0x0 c:/winavr-20080610/bin/../lib/gcc/avr/4.3.0/avr5\libgcc.a(_pack_sf.o)
 .bss           0x008001cc        0x0 c:/winavr-20080610/bin/../lib/gcc/avr/4.3.0/avr5\libgcc.a(_unpack_sf.o)
 .bss           0x008001cc        0x0 c:/winavr-20080610/bin/../lib/gcc/avr/4.3.0/avr5\libgcc.a(_fpcmp_parts_sf.o)
 .bss           0x008001cc        0x0 c:/winavr-20080610/bin/../lib/gcc/avr/4.3.0/avr5\libgcc.a(_clz.o)
 *(.bss*)
 *(COMMON)
 COMMON         0x008001cc      0x65f MonoMusicPlayer.o
                0x008001cc                kolumna
                0x008001ce                Parametr
                0x008001d3                MyMelodyBox
                0x0080082b                PROVIDE (__bss_end, .)
                0x00006012                __data_load_start = LOADADDR (.data)
                0x0000617a                __data_load_end = (__data_load_start + SIZEOF (.data))

.noinit         0x0080082b        0x0
                0x0080082b                PROVIDE (__noinit_start, .)
 *(.noinit*)
                0x0080082b                PROVIDE (__noinit_end, .)
                0x0080082b                _end = .
                0x0080082b                PROVIDE (__heap_start, .)

.eeprom         0x00810000        0x0
 *(.eeprom*)
                0x00810000                __eeprom_end = .

.fuse
 *(.fuse)
 *(.lfuse)
 *(.hfuse)
 *(.efuse)

.lock
 *(.lock*)

.signature
 *(.signature*)

.stab
 *(.stab)

.stabstr
 *(.stabstr)

.stab.excl
 *(.stab.excl)

.stab.exclstr
 *(.stab.exclstr)

.stab.index
 *(.stab.index)

.stab.indexstr
 *(.stab.indexstr)

.comment
 *(.comment)

.debug
 *(.debug)

.line
 *(.line)

.debug_srcinfo
 *(.debug_srcinfo)

.debug_sfnames
 *(.debug_sfnames)

.debug_aranges  0x00000000       0x20
 *(.debug_aranges)
 .debug_aranges
                0x00000000       0x20 MonoMusicPlayer.o

.debug_pubnames
                0x00000000      0x18b
 *(.debug_pubnames)
 .debug_pubnames
                0x00000000      0x18b MonoMusicPlayer.o

.debug_info     0x00000000      0xb48
 *(.debug_info)
 .debug_info    0x00000000      0xb48 MonoMusicPlayer.o
 *(.gnu.linkonce.wi.*)

.debug_abbrev   0x00000000      0x242
 *(.debug_abbrev)
 .debug_abbrev  0x00000000      0x242 MonoMusicPlayer.o

.debug_line     0x00000000     0x144f
 *(.debug_line)
 .debug_line    0x00000000     0x144f MonoMusicPlayer.o

.debug_frame    0x00000000      0x160
 *(.debug_frame)
 .debug_frame   0x00000000      0x160 MonoMusicPlayer.o

.debug_str      0x00000000      0x2fa
 *(.debug_str)
 .debug_str     0x00000000      0x2fa MonoMusicPlayer.o
                                0x35b (size before relaxing)

.debug_loc
 *(.debug_loc)

.debug_macinfo
 *(.debug_macinfo)
OUTPUT(MonoMusicPlayerelf elf32-avr)
LOAD linker stubs
